apiVersion: v1
data: {}
kind: Secret
metadata:
  annotations: {}
  labels:
    name: keycloak-user
  name: keycloak-user
stringData:
  password: password
  username: user
type: Opaque
