apiVersion: rbac.authorization.k8s.io/v1
kind: ClusterRoleBinding
metadata:
  labels:
    app.kubernetes.io/component: kube-rbac-proxy
    app.kubernetes.io/created-by: lieutenant-keycloak-idp-controller
    app.kubernetes.io/instance: proxy-rolebinding
    app.kubernetes.io/managed-by: commodore
    app.kubernetes.io/name: clusterrolebinding
    app.kubernetes.io/part-of: lieutenant-keycloak-idp-controller
  name: lieutenant-keycloak-idp-controller-proxy-rolebinding
roleRef:
  apiGroup: rbac.authorization.k8s.io
  kind: ClusterRole
  name: lieutenant-keycloak-idp-controller-proxy-role
subjects:
- kind: ServiceAccount
  name: lieutenant-keycloak-idp-controller-controller-manager
  namespace: syn-lieutenant-keycloak-idp-controller
