apiVersion: rbac.authorization.k8s.io/v1
kind: ClusterRole
metadata:
  labels:
    app.kubernetes.io/component: kube-rbac-proxy
    app.kubernetes.io/created-by: lieutenant-keycloak-idp-controller
    app.kubernetes.io/instance: metrics-reader
    app.kubernetes.io/managed-by: commodore
    app.kubernetes.io/name: clusterrole
    app.kubernetes.io/part-of: lieutenant-keycloak-idp-controller
  name: lieutenant-keycloak-idp-controller-metrics-reader
rules:
- nonResourceURLs:
  - /metrics
  verbs:
  - get
