apiVersion: v1
kind: Namespace
metadata:
  labels:
    app.kubernetes.io/component: manager
    app.kubernetes.io/created-by: lieutenant-keycloak-idp-controller
    app.kubernetes.io/instance: system
    app.kubernetes.io/managed-by: commodore
    app.kubernetes.io/name: namespace
    app.kubernetes.io/part-of: lieutenant-keycloak-idp-controller
    control-plane: controller-manager
  name: syn-lieutenant-keycloak-idp-controller
