apiVersion: v1
kind: ServiceAccount
metadata:
  labels:
    app.kubernetes.io/component: rbac
    app.kubernetes.io/created-by: lieutenant-keycloak-idp-controller
    app.kubernetes.io/instance: controller-manager
    app.kubernetes.io/managed-by: commodore
    app.kubernetes.io/name: serviceaccount
    app.kubernetes.io/part-of: lieutenant-keycloak-idp-controller
  name: lieutenant-keycloak-idp-controller-controller-manager
  namespace: syn-lieutenant-keycloak-idp-controller
