apiVersion: v1
kind: Service
metadata:
  labels:
    app.kubernetes.io/component: kube-rbac-proxy
    app.kubernetes.io/created-by: lieutenant-keycloak-idp-controller
    app.kubernetes.io/instance: controller-manager-metrics
    app.kubernetes.io/managed-by: commodore
    app.kubernetes.io/name: service
    app.kubernetes.io/part-of: lieutenant-keycloak-idp-controller
    control-plane: controller-manager
  name: lieutenant-keycloak-idp-controller-controller-manager-metrics
  namespace: syn-lieutenant-keycloak-idp-controller
spec:
  ports:
  - name: https
    port: 8443
    protocol: TCP
    targetPort: https
  selector:
    control-plane: controller-manager
